../Core/Src/main.c:104:5:main	3
../Core/Src/main.c:171:6:SystemClock_Config	4
../Core/Src/main.c:231:13:MX_ADC_Init	3
../Core/Src/main.c:287:13:MX_CRC_Init	2
../Core/Src/main.c:318:13:MX_I2C1_Init	4
../Core/Src/main.c:366:13:MX_I2C2_Init	4
../Core/Src/main.c:414:13:MX_I2C3_Init	4
../Core/Src/main.c:462:13:MX_IWDG_InitStart	2
../Core/Src/main.c:490:6:LPTIM1_Start	3
../Core/Src/main.c:506:6:LPTIM1_Stop	2
../Core/Src/main.c:519:13:MX_LPTIM1_Init	2
../Core/Src/main.c:551:13:MX_LPUART1_UART_Init	2
../Core/Src/main.c:585:13:MX_USART1_UART_Init	2
../Core/Src/main.c:620:13:MX_USART2_UART_Init	2
../Core/Src/main.c:650:6:RTC_SetTime	1
../Core/Src/main.c:665:10:RTC_GetTimeMs	2
../Core/Src/main.c:693:13:MX_RTC_Init	2
../Core/Src/main.c:739:13:MX_TIM3_Init	6
../Core/Src/main.c:798:13:MX_TIM22_Init	6
../Core/Src/main.c:857:13:MX_GPIO_Init	1
../Core/Src/main.c:933:6:Error_Handler	1
