../Core/Src/main.c:107:5:main	3
../Core/Src/main.c:176:6:SystemClock_Config	6
../Core/Src/main.c:260:13:MX_ADC_Init	3
../Core/Src/main.c:316:13:MX_CRC_Init	2
../Core/Src/main.c:397:13:MX_I2C2_Init	4
../Core/Src/main.c:495:13:MX_IWDG_InitStart	2
../Core/Src/main.c:523:6:LPTIM1_Start	3
../Core/Src/main.c:539:6:LPTIM1_Stop	2
../Core/Src/main.c:552:13:MX_LPTIM1_Init	2
../Core/Src/main.c:584:13:MX_LPUART1_UART_Init	2
../Core/Src/main.c:636:13:MX_USART1_UART_Init	2
../Core/Src/main.c:689:13:MX_USART2_UART_Init	2
../Core/Src/main.c:742:13:MX_RTC_Init	2
../Core/Src/main.c:788:13:MX_GPIO_Init	1
../Core/Src/main.c:878:6:Error_Handler	1
